[app.voidgame.io/index.html]
[plausible.io/js/script.js]
[app.voidgame.io/assets/favicon-CI8FsvaE.svg]
[backblue.gif]
[fade.gif]
[index.html]
[app.voidgame.io/scripts/telegram-web-app.js]
[api-dev.voidgame.io/index.html]
[app.voidgame.io/assets/sentry-DNlAlcfZ.js]
[app.voidgame.io/assets/i18n-3hlYv9oN.js]
[app.voidgame.io/assets/vendor-CBepUhJX.js]
[app.voidgame.io/assets/index-BBKayO2b.js]
[xtonwallet.com/index.html]
[app.voidgame.io/assets/spine-CJMsDXMe.js]
[app.voidgame.io/assets/pixi-x3ZCqoVr.js]
[app.voidgame.io/assets/tonc-B2P8c2bO.js]
[wallet.tg/index.html]
[app.voidgame.io/assets/swiper-Cl7yBqiY.js]
[app.voidgame.io/assets/lottie1-CeEqhBbz.js]
[app.voidgame.io/assets/lottie2-OaIxUBNU.js]
[app.voidgame.io/assets/zip-DSK5o2d1.js]
[app.voidgame.io/assets/ton-c5OA6jml.js]
[app.voidgame.io/assets/vendor-Bh76j7cs.css]
[app.voidgame.io/assets/swiper-CwSRrs7M.css]
[external.html]
[app.voidgame.io/index.html]
[api-dev.voidgame.io/index.html]
[app.voidgame.io/assets/index-DvG4OZQn.css]
[static.okx.com/index.html]
[xtonwallet.com/landingpage.css]
[xtonwallet.com/assets/img/icon-128.png]
[xtonwallet.com/index.html]
[wallet.tg/favicon.ico]
[wallet.tg/icon.svg]
[wallet.tg/_next/static/css/e472fca44c85a8d2.css]
[wallet.tg/_next/static/css/7f1cb8a4d751f4de.css]
[wallet.tg/_next/static/media/logo.b9d8fe49.svg]
[wallet.tg/_next/static/media/chevron_down_22.b4be1167.svg]
[wallet.tg/_next/static/media/Send_2x.8faa1d35.png]
[wallet.tg/_next/static/media/Receive_1x.368da94d.jpg]
[wallet.tg/_next/static/media/Buy_1x.6e85bb1e.jpg]
[wallet.tg/_next/static/media/Chat_1x.5fe57340.png]
[wallet.tg/_next/static/media/Swap_1x.b94b2b7a.jpg]
[wallet.tg/_next/static/media/P2P_1x.1d69225f.jpg]
[wallet.tg/_next/static/media/Withdraw_1x.1972cdf8.jpg]
[wallet.tg/index.html]
[wallet.tg/_next/static/media/arrow.4c44d7d1.svg]
[fonts.googleapis.com/cssbf88.css]
[tonkeeper.com/index.html]
[app.voidgame.io/scripts/telegram-web-app.js]
[app.voidgame.io/assets/favicon-CI8FsvaE.svg]
[app.voidgame.io/assets/sentry-DNlAlcfZ.js]
[app.voidgame.io/assets/vendor-CBepUhJX.js]
[app.voidgame.io/assets/index-BBKayO2b.js]
[app.voidgame.io/assets/vendor-Bh76j7cs.css]
[wallet.tg/favicon.ico]
[app.voidgame.io/assets/swiper-CwSRrs7M.css]
[wallet.tg/_next/static/media/Buy_1x.6e85bb1e.jpg]
[wallet.tg/_next/static/media/Receive_1x.368da94d.jpg]
[wallet.tg/_next/static/media/Send_2x.8faa1d35.png]
[app.voidgame.io/assets/profileMeshBg-oKQrkSuy.png]
[wallet.tg/_next/static/media/Swap_1x.b94b2b7a.jpg]
[wallet.tg/_next/static/media/Chat_1x.5fe57340.png]
[wallet.tg/_next/static/media/P2P_1x.1d69225f.jpg]
[wallet.tg/_next/static/media/Withdraw_1x.1972cdf8.jpg]
[app.voidgame.io/assets/levelBgDots3Rotate-ofGiPwHn.svg]
[app.voidgame.io/assets/levelBgDots3-Qv1OWkFa.svg]
[app.voidgame.io/assets/frensModeBg1-mR1tphz8.png]
[app.voidgame.io/assets/leaguesBg-DQvZ1pyJ.png]
[app.voidgame.io/assets/colors-Dy1po05J.png]
[app.voidgame.io/assets/starsBg-Bbtxn324.png]
[app.voidgame.io/assets/podiumBg-DNCNlAJH.png]
[app.voidgame.io/assets/profileMeshBg-oKQrkSuy.png]
[app.voidgame.io/assets/podiumBg-DNCNlAJH.png]
[app.voidgame.io/assets/rewardsRatingBg-Cfl8cjht.png]
[app.voidgame.io/assets/rewarLeaguesbg-BTsl8eip.jpg]
[app.voidgame.io/assets/stars-CMgs8o59.webp]
[app.voidgame.io/assets/starsLandscape-C9Xpty0G.webp]
[app.voidgame.io/assets/index-DvG4OZQn.css]
[xtonwallet.com/landingpage.css]
[wallet.tg/icon.svg]
[wallet.tg/_next/static/css/e472fca44c85a8d2.css]
[wallet.tg/_next/static/css/7f1cb8a4d751f4de.css]
[wallet.tg/_next/static/media/logo.b9d8fe49.svg]
[wallet.tg/_next/static/media/chevron_down_22.b4be1167.svg]
[wallet.tg/_next/static/media/arrow.4c44d7d1.svg]
[app.voidgame.io/assets/levelBgDots3Rotate-ofGiPwHn.svg]
[app.voidgame.io/assets/levelBgDots3-Qv1OWkFa.svg]
